// Jest Snapshot v1, https://goo.gl/fbAQLP

exports[`Pruebas de FirstApp<> Debe hacer MATCH con el SNAPSHOT 1`] = `
<div>
  <h1>
    Hola soy un titulo
  </h1>
  <p>
    Sin subtitulo
  </p>
  <p>
    Sin nombre
  </p>
</div>
`;
