// Jest Snapshot v1, https://goo.gl/fbAQLP

exports[`Pruebas en GifExpertApp Debe de mostrar el componente correctamente 1`] = `
<div>
  <h1>
    GifExpertApp
  </h1>
  <form
    aria-label="form"
  >
    <input
      placeholder="Escribe la categoria del gif..."
      type="text"
      value=""
    />
  </form>
  <h3>
    Dragon Ball
  </h3>
  <p>
    Cargando...
  </p>
  <div
    class="card-grid"
  />
</div>
`;
